main.c:91:6:HAL_UART_RxCpltCallback	16	static
main.c:101:6:resetCommand	8	static
main.c:105:6:resetBuffer	8	static
main.c:110:6:command_parser_fsm	8	static
main.c:135:6:checkCommand	8	static
main.c:159:6:uart_communication_fsm	8	static
main.c:192:6:run_command_parser	8	static
main.c:198:6:toggleLED	8	static
main.c:211:5:main	8	static
main.c:275:6:SystemClock_Config	88	static
main.c:318:13:MX_ADC1_Init	24	static
main.c:363:13:MX_TIM2_Init	32	static
main.c:408:13:MX_USART2_UART_Init	8	static
main.c:441:13:MX_GPIO_Init	32	static
main.c:467:6:HAL_TIM_PeriodElapsedCallback	16	static
main.c:477:6:Error_Handler	4	static,ignoring_inline_asm
