main.c:89:6:HAL_UART_RxCpltCallback	16	static
main.c:99:6:resetCommand	8	static
main.c:103:6:resetBuffer	8	static
main.c:108:6:command_parser_fsm	8	static
main.c:133:6:checkCommand	8	static
main.c:154:6:uart_communication_fsm	8	static
main.c:190:5:main	8	static
main.c:248:6:SystemClock_Config	88	static
main.c:291:13:MX_ADC1_Init	24	static
main.c:336:13:MX_TIM2_Init	32	static
main.c:381:13:MX_USART2_UART_Init	8	static
main.c:414:13:MX_GPIO_Init	32	static
main.c:434:6:HAL_TIM_PeriodElapsedCallback	16	static
main.c:443:6:Error_Handler	4	static,ignoring_inline_asm
